
> frontend@0.0.0 build
> vite build

vite v8.0.0 building client environment for production...
[2Ktransforming...✓ 2152 modules transformed.
rendering chunks...
computing gzip size...
dist/index.html                   0.45 kB │ gzip:   0.29 kB
dist/assets/index-CRqLMb1o.css   26.42 kB │ gzip:   5.82 kB
dist/assets/index-BmU6OBFV.js   364.99 kB │ gzip: 115.96 kB

✗ Build failed in 6m 24s
error during build:
Build failed with 1 error:

Error: [vite]: Rolldown failed to resolve import "groq-sdk" from "/Users/chaitanyasethi/Library/Mobile Documents/com~apple~CloudDocs/Promptduino/src/components/AgentChat.jsx".
This is most likely unintended because it can break your application at runtime.
If you do want to externalize this module explicitly add it to
`build.rollupOptions.external`
    at viteLog (file:///Users/chaitanyasethi/Library/Mobile%20Documents/com%7Eapple%7ECloudDocs/Promptduino/node_modules/vite/dist/node/chunks/node.js:32887:57)
    at file:///Users/chaitanyasethi/Library/Mobile%20Documents/com%7Eapple%7ECloudDocs/Promptduino/node_modules/vite/dist/node/chunks/node.js:32923:71
    at onwarn (file:///Users/chaitanyasethi/Library/Mobile%20Documents/com%7Eapple%7ECloudDocs/Promptduino/node_modules/@vitejs/plugin-react/dist/index.js:40:7)
    at file:///Users/chaitanyasethi/Library/Mobile%20Documents/com%7Eapple%7ECloudDocs/Promptduino/node_modules/vite/dist/node/chunks/node.js:32923:28
    at onRollupLog (file:///Users/chaitanyasethi/Library/Mobile%20Documents/com%7Eapple%7ECloudDocs/Promptduino/node_modules/vite/dist/node/chunks/node.js:32918:63)
    at onLog (file:///Users/chaitanyasethi/Library/Mobile%20Documents/com%7Eapple%7ECloudDocs/Promptduino/node_modules/vite/dist/node/chunks/node.js:32688:4)
    at file:///Users/chaitanyasethi/Library/Mobile%20Documents/com%7Eapple%7ECloudDocs/Promptduino/node_modules/rolldown/dist/shared/rolldown-build-4YnQkA76.mjs:49:26
    at logger (file:///Users/chaitanyasethi/Library/Mobile%20Documents/com%7Eapple%7ECloudDocs/Promptduino/node_modules/rolldown/dist/shared/rolldown-build-4YnQkA76.mjs:40:3)
    at onLog (file:///Users/chaitanyasethi/Library/Mobile%20Documents/com%7Eapple%7ECloudDocs/Promptduino/node_modules/rolldown/dist/shared/bindingify-input-options-Cu7pt6SZ.mjs:1945:32)
    at aggregateBindingErrorsIntoJsError (file:///Users/chaitanyasethi/Library/Mobile%20Documents/com%7Eapple%7ECloudDocs/Promptduino/node_modules/rolldown/dist/shared/error-CP8smW_P.mjs:48:18)
    at unwrapBindingResult (file:///Users/chaitanyasethi/Library/Mobile%20Documents/com%7Eapple%7ECloudDocs/Promptduino/node_modules/rolldown/dist/shared/error-CP8smW_P.mjs:18:128)
    at #build (file:///Users/chaitanyasethi/Library/Mobile%20Documents/com%7Eapple%7ECloudDocs/Promptduino/node_modules/rolldown/dist/shared/rolldown-build-4YnQkA76.mjs:3311:34)
    at async buildEnvironment (file:///Users/chaitanyasethi/Library/Mobile%20Documents/com%7Eapple%7ECloudDocs/Promptduino/node_modules/vite/dist/node/chunks/node.js:32794:64)
    at async Object.build (file:///Users/chaitanyasethi/Library/Mobile%20Documents/com%7Eapple%7ECloudDocs/Promptduino/node_modules/vite/dist/node/chunks/node.js:33216:19)
    at async Object.buildApp (file:///Users/chaitanyasethi/Library/Mobile%20Documents/com%7Eapple%7ECloudDocs/Promptduino/node_modules/vite/dist/node/chunks/node.js:33213:153)
    at async CAC.<anonymous> (file:///Users/chaitanyasethi/Library/Mobile%20Documents/com%7Eapple%7ECloudDocs/Promptduino/node_modules/vite/dist/node/cli.js:778:3) {
  errors: [Getter/Setter]
}
